
Allocating common symbols
Common symbol       size              file

global_rules_shadow
                    0x630             obj/kern/libdwarf_frame.o
ismp                0x4               obj/kern/mpconfig.o
lapicaddr           0x8               obj/kern/lapic.o
ts                  0x68              obj/kern/trap.o
end_debug           0x8               obj/kern/init.o
mydebug             0x60              obj/kern/kdebug.o
panicstr            0x8               obj/kern/init.o
boot_cr3            0x8               obj/kern/pmap.o
mpentry_kstack      0x8               obj/kern/init.o
cpus                0x3c0             obj/kern/mpconfig.o
global_std_op       0x200             obj/kern/libdwarf_lineno.o
lapic               0x8               obj/kern/lapic.o
bootcpu             0x8               obj/kern/mpconfig.o
_cie                0x78              obj/kern/kdebug.o
global_rules        0x630             obj/kern/libdwarf_frame.o
boot_pml4e          0x8               obj/kern/pmap.o
ncpu                0x4               obj/kern/mpconfig.o
_fde                0x80              obj/kern/kdebug.o
npages              0x8               obj/kern/pmap.o
pages               0x8               obj/kern/pmap.o
percpu_kstacks      0x80000           obj/kern/mpconfig.o

Discarded input sections

 .note.GNU-stack
                0x0000000000000000        0x0 obj/kern/init.o
 .note.GNU-stack
                0x0000000000000000        0x0 obj/kern/console.o
 .note.GNU-stack
                0x0000000000000000        0x0 obj/kern/monitor.o
 .note.GNU-stack
                0x0000000000000000        0x0 obj/kern/pmap.o
 .note.GNU-stack
                0x0000000000000000        0x0 obj/kern/env.o
 .note.GNU-stack
                0x0000000000000000        0x0 obj/kern/kclock.o
 .note.GNU-stack
                0x0000000000000000        0x0 obj/kern/picirq.o
 .note.GNU-stack
                0x0000000000000000        0x0 obj/kern/printf.o
 .note.GNU-stack
                0x0000000000000000        0x0 obj/kern/trap.o
 .note.GNU-stack
                0x0000000000000000        0x0 obj/kern/sched.o
 .note.GNU-stack
                0x0000000000000000        0x0 obj/kern/syscall.o
 .note.GNU-stack
                0x0000000000000000        0x0 obj/kern/kdebug.o
 .note.GNU-stack
                0x0000000000000000        0x0 obj/kern/printfmt.o
 .note.GNU-stack
                0x0000000000000000        0x0 obj/kern/readline.o
 .note.GNU-stack
                0x0000000000000000        0x0 obj/kern/string.o
 .note.GNU-stack
                0x0000000000000000        0x0 obj/kern/libdwarf_rw.o
 .note.GNU-stack
                0x0000000000000000        0x0 obj/kern/libdwarf_frame.o
 .note.GNU-stack
                0x0000000000000000        0x0 obj/kern/libdwarf_lineno.o
 .note.GNU-stack
                0x0000000000000000        0x0 obj/kern/elf_rw.o
 .note.GNU-stack
                0x0000000000000000        0x0 obj/kern/mpconfig.o
 .note.GNU-stack
                0x0000000000000000        0x0 obj/kern/lapic.o
 .note.GNU-stack
                0x0000000000000000        0x0 obj/kern/spinlock.o

Memory Configuration

Name             Origin             Length             Attributes
*default*        0x0000000000000000 0xffffffffffffffff

Linker script and memory map

                0x0000000000100000                . = 0x100000

.bootstrap      0x0000000000100000     0x7004
 obj/kern/bootstrap.o(.text .data .bss)
 .text          0x0000000000100000      0x115 obj/kern/bootstrap.o
                0x0000000000100000                _head64
                0x00000000001000e5                jumpto_longmode
 *fill*         0x0000000000100115      0xeeb 
 .data          0x0000000000101000     0x6004 obj/kern/bootstrap.o
                0x0000000000102000                pml4phys
                0x0000000000107000                multiboot_info
 .bss           0x0000000000107004        0x0 obj/kern/bootstrap.o
                0x0000008004200000                . = 0x8004200000

.text           0x0000008004200000    0x150af load address 0x0000000000200000
 *(EXCLUDE_FILE(obj/kern/bootstrap.o) .text .stub .text.* .gnu.linkonce.t.*)
 .text          0x0000008004200000       0x58 obj/kern/entry.o
                0x000000800420000c                entry
                0x000000000020000c                _start
 .text          0x0000008004200058      0x754 obj/kern/init.o
                0x000000800420009a                test_backtrace
                0x000000800420011f                test_func
                0x000000800420015e                i386_init
                0x00000080042004b9                mp_main
                0x0000008004200580                _panic
                0x00000080042006be                _warn
 .text          0x00000080042007ac      0xb35 obj/kern/console.o
                0x000000800420083d                serial_intr
                0x0000008004201062                kbd_intr
                0x000000800420113f                cons_getc
                0x0000008004201234                cons_init
                0x000000800420128e                cputchar
                0x00000080042012ad                getchar
                0x00000080042012cf                iscons
 .text          0x00000080042012e1      0x6ba obj/kern/monitor.o
                0x00000080042012e1                mon_help
                0x000000800420137b                mon_kerninfo
                0x000000800420150f                mon_backtrace
                0x00000080042018fa                monitor
 .text          0x000000800420199b     0x5c24 obj/kern/pmap.o
                0x0000008004202497                x64_vm_init
                0x0000008004202b8d                page_init
                0x0000008004202e81                page_alloc
                0x0000008004202f46                page_free
                0x0000008004202fbd                page_decref
                0x0000008004202fff                pml4e_walk
                0x0000008004203181                pdpe_walk
                0x0000008004203303                pgdir_walk
                0x000000800420351b                page_insert
                0x0000008004203625                page_lookup
                0x00000080042036ab                page_remove
                0x0000008004203728                tlb_invalidate
                0x00000080042037fa                mmio_map_region
                0x00000080042038f5                user_mem_check
                0x0000008004203a6f                user_mem_assert
 .text          0x00000080042075bf     0x1475 obj/kern/env.o
                0x0000008004207725                envid2env
                0x0000008004207892                env_init
                0x00000080042079cc                env_init_percpu
                0x0000008004207b71                env_alloc
                0x0000008004207ebb                load_icode
                0x000000800420808b                env_create
                0x000000800420810f                env_free
                0x000000800420866d                env_destroy
                0x000000800420875f                env_pop_tf
                0x000000800420883c                env_run
 .text          0x0000008004208a34       0x7d obj/kern/kclock.o
                0x0000008004208a34                mc146818_read
                0x0000008004208a70                mc146818_write
 .text          0x0000008004208ab1      0x246 obj/kern/picirq.o
                0x0000008004208ab1                pic_init
                0x0000008004208c04                irq_setmask_8259A
 .text          0x0000008004208cf7      0x166 obj/kern/printf.o
                0x0000008004208d26                vcprintf
                0x0000008004208d85                cprintf
 .text          0x0000008004208e5d     0x23d4 obj/kern/trap.o
                0x0000008004208efe                trap_init
                0x000000800420a318                trap_init_percpu
                0x000000800420a59f                print_trapframe
                0x000000800420a8b1                print_regs
                0x000000800420accb                trap
                0x000000800420b114                page_fault_handler
 *fill*         0x000000800420b231        0x1 
 .text          0x000000800420b232      0x13b obj/kern/trapentry.o
                0x000000800420b232                DIVIDE_F
                0x000000800420b238                DEBUG_F
                0x000000800420b23e                NMI_F
                0x000000800420b244                BRKPT_F
                0x000000800420b24a                OFLOW_F
                0x000000800420b250                BOUND_F
                0x000000800420b256                ILLOP_F
                0x000000800420b25c                DEVICE_F
                0x000000800420b262                DBLFLT_F
                0x000000800420b266                TSS_F
                0x000000800420b26a                SEGNP_F
                0x000000800420b26e                STACK_F
                0x000000800420b272                GPFLT_F
                0x000000800420b276                PGFLT_F
                0x000000800420b27a                FPERR_F
                0x000000800420b280                ALIGN_F
                0x000000800420b284                MCHK_F
                0x000000800420b28a                SIMDERR_F
                0x000000800420b290                SYSCALL_F
                0x000000800420b296                DEFAULT_F
 .text          0x000000800420b36d      0x38f obj/kern/sched.o
                0x000000800420b3b1                sched_yield
                0x000000800420b4dc                sched_halt
 .text          0x000000800420b6fc      0x959 obj/kern/syscall.o
                0x000000800420bee2                syscall
 .text          0x000000800420c055      0xbdb obj/kern/kdebug.o
                0x000000800420c055                list_func_die
                0x000000800420c77c                debuginfo_rip
 .text          0x000000800420cc30      0xa68 obj/kern/printfmt.o
                0x000000800420cef6                vprintfmt
                0x000000800420d418                printfmt
                0x000000800420d51a                vsnprintf
                0x000000800420d5b7                snprintf
 .text          0x000000800420d698      0x153 obj/kern/readline.o
                0x000000800420d698                readline
 .text          0x000000800420d7eb      0x7c6 obj/kern/string.o
                0x000000800420d7eb                strlen
                0x000000800420d819                strnlen
                0x000000800420d857                strcpy
                0x000000800420d89a                strcat
                0x000000800420d8e9                strncpy
                0x000000800420d949                strlcpy
                0x000000800420d9b9                strcmp
                0x000000800420da0c                strncmp
                0x000000800420da7d                strchr
                0x000000800420dab9                strfind
                0x000000800420daf1                memset
                0x000000800420db7c                memmove
                0x000000800420dc93                memcpy
                0x000000800420dcc7                memcmp
                0x000000800420dd3b                memfind
                0x000000800420dd85                strtol
                0x000000800420df16                strstr
 .text          0x000000800420dfb1     0x1e8c obj/kern/libdwarf_rw.o
                0x000000800420dfb1                _dwarf_read_lsb
                0x000000800420e0dd                _dwarf_decode_lsb
                0x000000800420e1fe                _dwarf_read_msb
                0x000000800420e3b0                _dwarf_decode_msb
                0x000000800420e55f                _dwarf_read_sleb128
                0x000000800420e603                _dwarf_read_uleb128
                0x000000800420e682                _dwarf_decode_sleb128
                0x000000800420e714                _dwarf_decode_uleb128
                0x000000800420e781                _dwarf_read_string
                0x000000800420e810                _dwarf_read_block
                0x000000800420e859                _dwarf_elf_get_byte_order
                0x000000800420e8c7                _dwarf_elf_get_pointer_size
                0x000000800420e931                _dwarf_init
                0x000000800420ea0d                _get_next_cu
                0x000000800420ebae                print_cu
                0x000000800420ebe6                _dwarf_abbrev_parse
                0x000000800420ee69                _dwarf_abbrev_find
                0x000000800420ef73                _dwarf_attr_init
                0x000000800420f60d                dwarf_search_die_within_cu
                0x000000800420f8e9                dwarf_offdie
                0x000000800420f9cb                _dwarf_attr_find
                0x000000800420fa5e                dwarf_siblingof
                0x000000800420fc60                dwarf_child
                0x000000800420fde0                _dwarf_find_section_enhanced
 .text          0x000000800420fe3d     0x25f3 obj/kern/libdwarf_frame.o
                0x000000800420fe3d                _dwarf_frame_params_init
                0x000000800420fe7e                dwarf_get_fde_at_pc
                0x000000800420ff4e                _dwarf_frame_regtable_copy
                0x0000008004210f11                _dwarf_frame_get_internal_table
                0x000000800421117d                dwarf_get_fde_info_for_all_regs
                0x0000008004212099                _dwarf_frame_interal_table_init
                0x0000008004212358                dwarf_set_frame_cfa_value
                0x0000008004212388                dwarf_init_eh_section
 .text          0x0000008004212430      0xcdb obj/kern/libdwarf_lineno.o
                0x0000008004212a1f                _dwarf_lineno_init
                0x0000008004212f90                dwarf_srclines
 .text          0x000000800421310b      0xd30 obj/kern/elf_rw.o
                0x000000800421310b                _dwarf_find_section
                0x000000800421318b                find_debug_sections
                0x0000008004213455                read_section_headers
                0x0000008004213bae                readseg
                0x0000008004213d13                waitdisk
                0x0000008004213d40                readsect
 *fill*         0x0000008004213e3b        0x5 
 .text          0x0000008004213e40       0xe7 obj/kern/mpentry.o
                0x0000008004213e40                mpentry_start
                0x0000008004213f26                mpentry_end
 .text          0x0000008004213f27      0x88f obj/kern/mpconfig.o
                0x00000080042143ff                mp_init
 .text          0x00000080042147b6      0x480 obj/kern/lapic.o
                0x00000080042147f9                lapic_init
                0x00000080042149f6                cpunum
                0x0000008004214a2b                lapic_eoi
                0x0000008004214a68                lapic_startap
                0x0000008004214bee                lapic_ipi
 .text          0x0000008004214c36      0x479 obj/kern/spinlock.o
                0x0000008004214d55                __spin_initlock
                0x0000008004214d8a                spin_lock
                0x0000008004214e61                spin_unlock
                0x00000080042150af                PROVIDE (etext = .)

.iplt           0x00000080042150b0        0x0 load address 0x00000000002150b0
 .iplt          0x00000080042150b0        0x0 obj/kern/bootstrap.o

.rodata         0x00000080042150c0     0x2a81 load address 0x00000000002150c0
 *(EXCLUDE_FILE(obj/kern/bootstrap.o) .rodata .rodata.* .gnu.linkonce.r.*)
 .rodata        0x00000080042150c0      0x106 obj/kern/init.o
 .rodata        0x00000080042151c6       0x29 obj/kern/console.o
 *fill*         0x00000080042151ef        0x1 
 .rodata        0x00000080042151f0      0x279 obj/kern/monitor.o
 *fill*         0x0000008004215469        0x7 
 .rodata        0x0000008004215470      0xf0c obj/kern/pmap.o
 *fill*         0x000000800421637c        0x4 
 .rodata        0x0000008004216380      0x102 obj/kern/env.o
 .rodata        0x0000008004216482       0x1a obj/kern/picirq.o
 *fill*         0x000000800421649c        0x4 
 .rodata        0x00000080042164a0      0x4c0 obj/kern/trap.o
 .rodata        0x0000008004216960       0x61 obj/kern/sched.o
 *fill*         0x00000080042169c1        0x7 
 .rodata        0x00000080042169c8      0x110 obj/kern/syscall.o
 *fill*         0x0000008004216ad8        0x8 
 .rodata        0x0000008004216ae0      0x378 obj/kern/kdebug.o
 *fill*         0x0000008004216e58        0x8 
 .rodata        0x0000008004216e60      0x428 obj/kern/printfmt.o
 .rodata        0x0000008004217288       0x13 obj/kern/readline.o
 *fill*         0x000000800421729b        0x5 
 .rodata        0x00000080042172a0      0x1ab obj/kern/libdwarf_rw.o
 *fill*         0x000000800421744b        0x5 
 .rodata        0x0000008004217450      0x1d8 obj/kern/libdwarf_frame.o
 .rodata        0x0000008004217628       0xc3 obj/kern/libdwarf_lineno.o
 .rodata        0x00000080042176eb       0xa4 obj/kern/elf_rw.o
 *fill*         0x000000800421778f        0x1 
 .rodata        0x0000008004217790      0x289 obj/kern/mpconfig.o
 *fill*         0x0000008004217a19        0x7 
 .rodata        0x0000008004217a20       0x30 obj/kern/lapic.o
 .rodata        0x0000008004217a50       0xf1 obj/kern/spinlock.o

.eh_frame       0x0000008004217b48     0x1ab4 load address 0x0000000000217b48
 .eh_frame      0x0000008004217b48      0x130 obj/kern/init.o
 .eh_frame      0x0000008004217c78      0x240 obj/kern/console.o
                                        0x258 (size before relaxing)
 .eh_frame      0x0000008004217eb8       0xa0 obj/kern/monitor.o
                                         0xb8 (size before relaxing)
 .eh_frame      0x0000008004217f58      0x410 obj/kern/pmap.o
                                        0x428 (size before relaxing)
 .eh_frame      0x0000008004218368      0x238 obj/kern/env.o
                                        0x250 (size before relaxing)
 .eh_frame      0x00000080042185a0       0x40 obj/kern/kclock.o
                                         0x58 (size before relaxing)
 .eh_frame      0x00000080042185e0       0x40 obj/kern/picirq.o
                                         0x58 (size before relaxing)
 .eh_frame      0x0000008004218620       0x60 obj/kern/printf.o
                                         0x78 (size before relaxing)
 .eh_frame      0x0000008004218680      0x150 obj/kern/trap.o
                                        0x168 (size before relaxing)
 .eh_frame      0x00000080042187d0       0x80 obj/kern/sched.o
                                         0x98 (size before relaxing)
 .eh_frame      0x0000008004218850      0x1c0 obj/kern/syscall.o
                                        0x1d8 (size before relaxing)
 .eh_frame      0x0000008004218a10       0x40 obj/kern/kdebug.o
                                         0x58 (size before relaxing)
 .eh_frame      0x0000008004218a50      0x110 obj/kern/printfmt.o
                                        0x128 (size before relaxing)
 .eh_frame      0x0000008004218b60       0x20 obj/kern/readline.o
                                         0x38 (size before relaxing)
 .eh_frame      0x0000008004218b80      0x220 obj/kern/string.o
                                        0x238 (size before relaxing)
 .eh_frame      0x0000008004218da0      0x300 obj/kern/libdwarf_rw.o
                                        0x318 (size before relaxing)
 .eh_frame      0x00000080042190a0      0x1c8 obj/kern/libdwarf_frame.o
                                        0x1e0 (size before relaxing)
 .eh_frame      0x0000008004219268       0x80 obj/kern/libdwarf_lineno.o
                                         0x98 (size before relaxing)
 .eh_frame      0x00000080042192e8       0xc0 obj/kern/elf_rw.o
                                         0xd8 (size before relaxing)
 .eh_frame      0x00000080042193a8       0xa0 obj/kern/mpconfig.o
                                         0xb8 (size before relaxing)
 .eh_frame      0x0000008004219448       0xe0 obj/kern/lapic.o
                                         0xf8 (size before relaxing)
 .eh_frame      0x0000008004219528       0xd4 obj/kern/spinlock.o
                                         0xf0 (size before relaxing)

.rela.dyn       0x0000008004219600        0x0 load address 0x0000000000219600
 .rela.got      0x0000008004219600        0x0 obj/kern/bootstrap.o
 .rela.iplt     0x0000008004219600        0x0 obj/kern/bootstrap.o
 .rela.text     0x0000008004219600        0x0 obj/kern/bootstrap.o
 .rela.data     0x0000008004219600        0x0 obj/kern/bootstrap.o
                0x000000800421a000                . = ALIGN (0x1000)

.data           0x000000800421a000   0x1e9da8 load address 0x000000000021a000
 *(EXCLUDE_FILE(obj/kern/bootstrap.o) .data)
 .data          0x000000800421a000    0x10042 obj/kern/entry.o
                0x000000800421a000                bootstack
                0x000000800422a000                kernel_64
                0x000000800422a000                bootstacktop
                0x000000800422a038                gdtdesc_64
 .data          0x000000800422a042        0x0 obj/kern/init.o
 *fill*         0x000000800422a042       0x1e 
 .data          0x000000800422a060      0x520 obj/kern/console.o
 .data          0x000000800422a580       0x48 obj/kern/monitor.o
 .data          0x000000800422a5c8        0x8 obj/kern/pmap.o
 *fill*         0x000000800422a5d0       0x10 
 .data          0x000000800422a5e0       0xb2 obj/kern/env.o
                0x000000800422a5e0                gdt
                0x000000800422a688                gdt_pd
 .data          0x000000800422a692        0x0 obj/kern/kclock.o
 .data          0x000000800422a692        0x2 obj/kern/picirq.o
                0x000000800422a692                irq_mask_8259A
 .data          0x000000800422a694        0x0 obj/kern/printf.o
 .data          0x000000800422a694        0x0 obj/kern/trap.o
 .data          0x000000800422a694        0x0 obj/kern/trapentry.o
 .data          0x000000800422a694        0x0 obj/kern/sched.o
 .data          0x000000800422a694        0x0 obj/kern/syscall.o
 *fill*         0x000000800422a694        0x4 
 .data          0x000000800422a698       0x18 obj/kern/kdebug.o
                0x000000800422a698                fde
                0x000000800422a6a0                cie
                0x000000800422a6a8                dbg
 .data          0x000000800422a6b0        0x0 obj/kern/printfmt.o
 .data          0x000000800422a6b0        0x0 obj/kern/readline.o
 .data          0x000000800422a6b0        0x0 obj/kern/string.o
 .data          0x000000800422a6b0        0x0 obj/kern/libdwarf_rw.o
 *fill*         0x000000800422a6b0       0x10 
 .data          0x000000800422a6c0       0x20 obj/kern/libdwarf_frame.o
                0x000000800422a6c0                debug_frame_sec
 .data          0x000000800422a6e0        0x0 obj/kern/libdwarf_lineno.o
 .data          0x000000800422a6e0       0xa0 obj/kern/elf_rw.o
                0x000000800422a6e0                section_info
 .data          0x000000800422a780        0x0 obj/kern/mpentry.o
 .data          0x000000800422a780        0x0 obj/kern/mpconfig.o
 .data          0x000000800422a780        0x0 obj/kern/lapic.o
 .data          0x000000800422a780       0x68 obj/kern/spinlock.o
                0x000000800422a780                kernel_lock
 .data          0x000000800422a7e8     0xea60 obj/user/hello
                0x000000800422a7e8                _binary_obj_user_hello_start
                0x0000008004239248                _binary_obj_user_hello_end
 .data          0x0000008004239248     0xe9f8 obj/user/buggyhello
                0x0000008004239248                _binary_obj_user_buggyhello_start
                0x0000008004247c40                _binary_obj_user_buggyhello_end
 .data          0x0000008004247c40     0xea50 obj/user/buggyhello2
                0x0000008004247c40                _binary_obj_user_buggyhello2_start
                0x0000008004256690                _binary_obj_user_buggyhello2_end
 .data          0x0000008004256690     0xe9f8 obj/user/evilhello
                0x0000008004256690                _binary_obj_user_evilhello_start
                0x0000008004265088                _binary_obj_user_evilhello_end
 .data          0x0000008004265088     0xec70 obj/user/testbss
                0x0000008004265088                _binary_obj_user_testbss_start
                0x0000008004273cf8                _binary_obj_user_testbss_end
 .data          0x0000008004273cf8     0xea68 obj/user/divzero
                0x0000008004273cf8                _binary_obj_user_divzero_start
                0x0000008004282760                _binary_obj_user_divzero_end
 .data          0x0000008004282760     0xe910 obj/user/breakpoint
                0x0000008004282760                _binary_obj_user_breakpoint_start
                0x0000008004291070                _binary_obj_user_breakpoint_end
 .data          0x0000008004291070     0xe910 obj/user/softint
                0x0000008004291070                _binary_obj_user_softint_start
                0x000000800429f980                _binary_obj_user_softint_end
 .data          0x000000800429f980     0xe910 obj/user/badsegment
                0x000000800429f980                _binary_obj_user_badsegment_start
                0x00000080042ae290                _binary_obj_user_badsegment_end
 .data          0x00000080042ae290     0xea30 obj/user/faultread
                0x00000080042ae290                _binary_obj_user_faultread_start
                0x00000080042bccc0                _binary_obj_user_faultread_end
 .data          0x00000080042bccc0     0xea40 obj/user/faultreadkernel
                0x00000080042bccc0                _binary_obj_user_faultreadkernel_start
                0x00000080042cb700                _binary_obj_user_faultreadkernel_end
 .data          0x00000080042cb700     0xe910 obj/user/faultwrite
                0x00000080042cb700                _binary_obj_user_faultwrite_start
                0x00000080042da010                _binary_obj_user_faultwrite_end
 .data          0x00000080042da010     0xe920 obj/user/faultwritekernel
                0x00000080042da010                _binary_obj_user_faultwritekernel_start
                0x00000080042e8930                _binary_obj_user_faultwritekernel_end
 .data          0x00000080042e8930     0xe9b8 obj/user/idle
                0x00000080042e8930                _binary_obj_user_idle_start
                0x00000080042f72e8                _binary_obj_user_idle_end
 .data          0x00000080042f72e8     0xeb50 obj/user/yield
                0x00000080042f72e8                _binary_obj_user_yield_start
                0x0000008004305e38                _binary_obj_user_yield_end
 .data          0x0000008004305e38     0xf6a0 obj/user/dumbfork
                0x0000008004305e38                _binary_obj_user_dumbfork_start
                0x00000080043154d8                _binary_obj_user_dumbfork_end
 .data          0x00000080043154d8     0xfbf0 obj/user/stresssched
                0x00000080043154d8                _binary_obj_user_stresssched_start
                0x00000080043250c8                _binary_obj_user_stresssched_end
 .data          0x00000080043250c8     0xf738 obj/user/faultdie
                0x00000080043250c8                _binary_obj_user_faultdie_start
                0x0000008004334800                _binary_obj_user_faultdie_end
 .data          0x0000008004334800    0x11690 obj/user/faultregs
                0x0000008004334800                _binary_obj_user_faultregs_start
                0x0000008004345e90                _binary_obj_user_faultregs_end
 .data          0x0000008004345e90     0xf940 obj/user/faultalloc
                0x0000008004345e90                _binary_obj_user_faultalloc_start
                0x00000080043557d0                _binary_obj_user_faultalloc_end
 .data          0x00000080043557d0     0xf8f8 obj/user/faultallocbad
                0x00000080043557d0                _binary_obj_user_faultallocbad_start
                0x00000080043650c8                _binary_obj_user_faultallocbad_end
 .data          0x00000080043650c8     0xf4e8 obj/user/faultnostack
                0x00000080043650c8                _binary_obj_user_faultnostack_start
                0x00000080043745b0                _binary_obj_user_faultnostack_end
 .data          0x00000080043745b0     0xea58 obj/user/faultbadhandler
                0x00000080043745b0                _binary_obj_user_faultbadhandler_start
                0x0000008004383008                _binary_obj_user_faultbadhandler_end
 .data          0x0000008004383008     0xea58 obj/user/faultevilhandler
                0x0000008004383008                _binary_obj_user_faultevilhandler_start
                0x0000008004391a60                _binary_obj_user_faultevilhandler_end
 .data          0x0000008004391a60     0xfd10 obj/user/forktree
                0x0000008004391a60                _binary_obj_user_forktree_start
                0x00000080043a1770                _binary_obj_user_forktree_end
 .data          0x00000080043a1770    0x11918 obj/user/sendpage
                0x00000080043a1770                _binary_obj_user_sendpage_start
                0x00000080043b3088                _binary_obj_user_sendpage_end
 .data          0x00000080043b3088     0xfae0 obj/user/spin
                0x00000080043b3088                _binary_obj_user_spin_start
                0x00000080043c2b68                _binary_obj_user_spin_end
 .data          0x00000080043c2b68     0xf858 obj/user/fairness
                0x00000080043c2b68                _binary_obj_user_fairness_start
                0x00000080043d23c0                _binary_obj_user_fairness_end
 .data          0x00000080043d23c0    0x107b8 obj/user/pingpong
                0x00000080043d23c0                _binary_obj_user_pingpong_start
                0x00000080043e2b78                _binary_obj_user_pingpong_end
 .data          0x00000080043e2b78    0x10810 obj/user/pingpongs
                0x00000080043e2b78                _binary_obj_user_pingpongs_start
                0x00000080043f3388                _binary_obj_user_pingpongs_end
 .data          0x00000080043f3388    0x10a20 obj/user/primes
                0x00000080043f3388                _binary_obj_user_primes_start
                0x0000008004403da8                _binary_obj_user_primes_end
                0x0000008004403da8                PROVIDE (edata = .)

.got            0x0000008004403da8        0x0 load address 0x0000000000403da8
 .got           0x0000008004403da8        0x0 obj/kern/bootstrap.o

.got.plt        0x0000008004403da8        0x0 load address 0x0000000000403da8
 .got.plt       0x0000008004403da8        0x0 obj/kern/bootstrap.o

.igot.plt       0x0000008004403da8        0x0 load address 0x0000000000403da8
 .igot.plt      0x0000008004403da8        0x0 obj/kern/bootstrap.o

.bss            0x0000008004404000    0x84010 load address 0x0000000000404000
 *(EXCLUDE_FILE(obj/kern/bootstrap.o) .bss)
 .bss           0x0000008004404000        0x0 obj/kern/entry.o
 .bss           0x0000008004404000        0x0 obj/kern/init.o
 .bss           0x0000008004404000      0x22c obj/kern/console.o
 .bss           0x000000800440422c        0x0 obj/kern/monitor.o
 *fill*         0x000000800440422c        0x4 
 .bss           0x0000008004404230       0x20 obj/kern/pmap.o
 .bss           0x0000008004404250       0x10 obj/kern/env.o
                0x0000008004404250                envs
 .bss           0x0000008004404260        0x0 obj/kern/kclock.o
 .bss           0x0000008004404260        0x1 obj/kern/picirq.o
 .bss           0x0000008004404261        0x0 obj/kern/printf.o
 *fill*         0x0000008004404261       0x1f 
 .bss           0x0000008004404280     0x1018 obj/kern/trap.o
                0x0000008004404280                idt
                0x0000008004405280                idt_pd
 .bss           0x0000008004405298        0x0 obj/kern/trapentry.o
 .bss           0x0000008004405298        0x0 obj/kern/sched.o
 .bss           0x0000008004405298        0x0 obj/kern/syscall.o
 .bss           0x0000008004405298        0x8 obj/kern/kdebug.o
 .bss           0x00000080044052a0        0x0 obj/kern/printfmt.o
 .bss           0x00000080044052a0      0x400 obj/kern/readline.o
 .bss           0x00000080044056a0        0x0 obj/kern/string.o
 .bss           0x00000080044056a0        0x0 obj/kern/libdwarf_rw.o
 .bss           0x00000080044056a0       0x68 obj/kern/libdwarf_frame.o
                0x00000080044056a0                global_rt_table
                0x00000080044056e0                global_rt_table_shadow
 .bss           0x0000008004405708        0x0 obj/kern/libdwarf_lineno.o
 .bss           0x0000008004405708        0x0 obj/kern/elf_rw.o
 .bss           0x0000008004405708        0x0 obj/kern/mpentry.o
 .bss           0x0000008004405708        0x0 obj/kern/mpconfig.o
 .bss           0x0000008004405708        0x0 obj/kern/lapic.o
 .bss           0x0000008004405708        0x0 obj/kern/spinlock.o
 COMMON         0x0000008004405708       0x18 obj/kern/init.o
                0x0000008004405708                end_debug
                0x0000008004405710                panicstr
                0x0000008004405718                mpentry_kstack
 COMMON         0x0000008004405720       0x20 obj/kern/pmap.o
                0x0000008004405720                boot_cr3
                0x0000008004405728                boot_pml4e
                0x0000008004405730                npages
                0x0000008004405738                pages
 COMMON         0x0000008004405740       0x68 obj/kern/trap.o
                0x0000008004405740                ts
 *fill*         0x00000080044057a8       0x18 
 COMMON         0x00000080044057c0      0x160 obj/kern/kdebug.o
                0x00000080044057c0                mydebug
                0x0000008004405820                _cie
                0x00000080044058a0                _fde
 COMMON         0x0000008004405920      0xc70 obj/kern/libdwarf_frame.o
                0x0000008004405920                global_rules_shadow
                0x0000008004405f60                global_rules
 *fill*         0x0000008004406590       0x10 
 COMMON         0x00000080044065a0      0x200 obj/kern/libdwarf_lineno.o
                0x00000080044065a0                global_std_op
 *fill*         0x00000080044067a0      0x860 
 COMMON         0x0000008004407000    0x81000 obj/kern/mpconfig.o
                0x0000008004407000                ismp
                0x0000008004407020                cpus
                0x00000080044073e0                bootcpu
                0x00000080044073e8                ncpu
                0x0000008004408000                percpu_kstacks
 COMMON         0x0000008004488000       0x10 obj/kern/lapic.o
                0x0000008004488000                lapicaddr
                0x0000008004488008                lapic
                0x0000008004488010                PROVIDE (end = .)

.debug
 *(.debug)

.line
 *(.line)

.debug_srcinfo
 *(.debug_srcinfo)

.debug_sfnames
 *(.debug_sfnames)

.debug_aranges  0x0000000000000000      0x4e0
 *(.debug_aranges)
 .debug_aranges
                0x0000000000000000       0x30 obj/kern/bootstrap.o
 .debug_aranges
                0x0000000000000030       0x30 obj/kern/entry.o
 .debug_aranges
                0x0000000000000060       0x30 obj/kern/init.o
 .debug_aranges
                0x0000000000000090       0x30 obj/kern/console.o
 .debug_aranges
                0x00000000000000c0       0x30 obj/kern/monitor.o
 .debug_aranges
                0x00000000000000f0       0x30 obj/kern/pmap.o
 .debug_aranges
                0x0000000000000120       0x30 obj/kern/env.o
 .debug_aranges
                0x0000000000000150       0x30 obj/kern/kclock.o
 .debug_aranges
                0x0000000000000180       0x30 obj/kern/picirq.o
 .debug_aranges
                0x00000000000001b0       0x30 obj/kern/printf.o
 .debug_aranges
                0x00000000000001e0       0x30 obj/kern/trap.o
 .debug_aranges
                0x0000000000000210       0x30 obj/kern/trapentry.o
 .debug_aranges
                0x0000000000000240       0x30 obj/kern/sched.o
 .debug_aranges
                0x0000000000000270       0x30 obj/kern/syscall.o
 .debug_aranges
                0x00000000000002a0       0x30 obj/kern/kdebug.o
 .debug_aranges
                0x00000000000002d0       0x30 obj/kern/printfmt.o
 .debug_aranges
                0x0000000000000300       0x30 obj/kern/readline.o
 .debug_aranges
                0x0000000000000330       0x30 obj/kern/string.o
 .debug_aranges
                0x0000000000000360       0x30 obj/kern/libdwarf_rw.o
 .debug_aranges
                0x0000000000000390       0x30 obj/kern/libdwarf_frame.o
 .debug_aranges
                0x00000000000003c0       0x30 obj/kern/libdwarf_lineno.o
 .debug_aranges
                0x00000000000003f0       0x30 obj/kern/elf_rw.o
 .debug_aranges
                0x0000000000000420       0x30 obj/kern/mpentry.o
 .debug_aranges
                0x0000000000000450       0x30 obj/kern/mpconfig.o
 .debug_aranges
                0x0000000000000480       0x30 obj/kern/lapic.o
 .debug_aranges
                0x00000000000004b0       0x30 obj/kern/spinlock.o

.debug_pubnames
 *(.debug_pubnames)

.debug_info     0x0000000000000000    0x1991f
 *(.debug_info .gnu.linkonce.wi.*)
 .debug_info    0x0000000000000000       0x2e obj/kern/bootstrap.o
 .debug_info    0x000000000000002e       0x2e obj/kern/entry.o
 .debug_info    0x000000000000005c     0x1232 obj/kern/init.o
 .debug_info    0x000000000000128e      0xf21 obj/kern/console.o
 .debug_info    0x00000000000021af      0xcb7 obj/kern/monitor.o
 .debug_info    0x0000000000002e66     0x5db5 obj/kern/pmap.o
 .debug_info    0x0000000000008c1b     0x1a65 obj/kern/env.o
 .debug_info    0x000000000000a680      0x1f3 obj/kern/kclock.o
 .debug_info    0x000000000000a873      0x4a9 obj/kern/picirq.o
 .debug_info    0x000000000000ad1c      0x276 obj/kern/printf.o
 .debug_info    0x000000000000af92     0x16fb obj/kern/trap.o
 .debug_info    0x000000000000c68d       0x2e obj/kern/trapentry.o
 .debug_info    0x000000000000c6bb      0xae9 obj/kern/sched.o
 .debug_info    0x000000000000d1a4     0x1339 obj/kern/syscall.o
 .debug_info    0x000000000000e4dd     0x1c25 obj/kern/kdebug.o
 .debug_info    0x0000000000010102      0x9e0 obj/kern/printfmt.o
 .debug_info    0x0000000000010ae2      0x1cc obj/kern/readline.o
 .debug_info    0x0000000000010cae      0x766 obj/kern/string.o
 .debug_info    0x0000000000011414     0x1fdc obj/kern/libdwarf_rw.o
 .debug_info    0x00000000000133f0     0x1cee obj/kern/libdwarf_frame.o
 .debug_info    0x00000000000150de     0x12a2 obj/kern/libdwarf_lineno.o
 .debug_info    0x0000000000016380      0xd69 obj/kern/elf_rw.o
 .debug_info    0x00000000000170e9       0x2e obj/kern/mpentry.o
 .debug_info    0x0000000000017117     0x1016 obj/kern/mpconfig.o
 .debug_info    0x000000000001812d      0xbd7 obj/kern/lapic.o
 .debug_info    0x0000000000018d04      0xc1b obj/kern/spinlock.o

.debug_abbrev   0x0000000000000000     0x347a
 *(.debug_abbrev)
 .debug_abbrev  0x0000000000000000       0x14 obj/kern/bootstrap.o
 .debug_abbrev  0x0000000000000014       0x14 obj/kern/entry.o
 .debug_abbrev  0x0000000000000028      0x2e6 obj/kern/init.o
 .debug_abbrev  0x000000000000030e      0x2e9 obj/kern/console.o
 .debug_abbrev  0x00000000000005f7      0x250 obj/kern/monitor.o
 .debug_abbrev  0x0000000000000847      0x37b obj/kern/pmap.o
 .debug_abbrev  0x0000000000000bc2      0x391 obj/kern/env.o
 .debug_abbrev  0x0000000000000f53      0x102 obj/kern/kclock.o
 .debug_abbrev  0x0000000000001055      0x115 obj/kern/picirq.o
 .debug_abbrev  0x000000000000116a      0x107 obj/kern/printf.o
 .debug_abbrev  0x0000000000001271      0x354 obj/kern/trap.o
 .debug_abbrev  0x00000000000015c5       0x14 obj/kern/trapentry.o
 .debug_abbrev  0x00000000000015d9      0x238 obj/kern/sched.o
 .debug_abbrev  0x0000000000001811      0x2a3 obj/kern/syscall.o
 .debug_abbrev  0x0000000000001ab4      0x344 obj/kern/kdebug.o
 .debug_abbrev  0x0000000000001df8      0x28e obj/kern/printfmt.o
 .debug_abbrev  0x0000000000002086       0xe5 obj/kern/readline.o
 .debug_abbrev  0x000000000000216b      0x17e obj/kern/string.o
 .debug_abbrev  0x00000000000022e9      0x277 obj/kern/libdwarf_rw.o
 .debug_abbrev  0x0000000000002560      0x2d4 obj/kern/libdwarf_frame.o
 .debug_abbrev  0x0000000000002834      0x2a6 obj/kern/libdwarf_lineno.o
 .debug_abbrev  0x0000000000002ada      0x21f obj/kern/elf_rw.o
 .debug_abbrev  0x0000000000002cf9       0x14 obj/kern/mpentry.o
 .debug_abbrev  0x0000000000002d0d      0x298 obj/kern/mpconfig.o
 .debug_abbrev  0x0000000000002fa5      0x22e obj/kern/lapic.o
 .debug_abbrev  0x00000000000031d3      0x2a7 obj/kern/spinlock.o

.debug_line     0x0000000000000000     0x3c68
 *(.debug_line)
 .debug_line    0x0000000000000000       0x99 obj/kern/bootstrap.o
 .debug_line    0x0000000000000099       0x51 obj/kern/entry.o
 .debug_line    0x00000000000000ea      0x20c obj/kern/init.o
 .debug_line    0x00000000000002f6      0x2b6 obj/kern/console.o
 .debug_line    0x00000000000005ac      0x181 obj/kern/monitor.o
 .debug_line    0x000000000000072d      0xeb2 obj/kern/pmap.o
 .debug_line    0x00000000000015df      0x3aa obj/kern/env.o
 .debug_line    0x0000000000001989       0x86 obj/kern/kclock.o
 .debug_line    0x0000000000001a0f       0xc1 obj/kern/picirq.o
 .debug_line    0x0000000000001ad0       0x87 obj/kern/printf.o
 .debug_line    0x0000000000001b57      0x2e9 obj/kern/trap.o
 .debug_line    0x0000000000001e40       0x6b obj/kern/trapentry.o
 .debug_line    0x0000000000001eab      0x19a obj/kern/sched.o
 .debug_line    0x0000000000002045      0x206 obj/kern/syscall.o
 .debug_line    0x000000000000224b      0x231 obj/kern/kdebug.o
 .debug_line    0x000000000000247c      0x1d2 obj/kern/printfmt.o
 .debug_line    0x000000000000264e       0x8f obj/kern/readline.o
 .debug_line    0x00000000000026dd      0x1ec obj/kern/string.o
 .debug_line    0x00000000000028c9      0x48c obj/kern/libdwarf_rw.o
 .debug_line    0x0000000000002d55      0x531 obj/kern/libdwarf_frame.o
 .debug_line    0x0000000000003286      0x22c obj/kern/libdwarf_lineno.o
 .debug_line    0x00000000000034b2      0x245 obj/kern/elf_rw.o
 .debug_line    0x00000000000036f7       0x74 obj/kern/mpentry.o
 .debug_line    0x000000000000376b      0x1fa obj/kern/mpconfig.o
 .debug_line    0x0000000000003965      0x16e obj/kern/lapic.o
 .debug_line    0x0000000000003ad3      0x195 obj/kern/spinlock.o

.debug_frame
 *(.debug_frame)

.debug_str      0x0000000000000000     0x294a
 *(.debug_str)
 .debug_str     0x0000000000000000       0x2c obj/kern/bootstrap.o
 .debug_str     0x000000000000002c        0xd obj/kern/entry.o
                                         0x28 (size before relaxing)
 .debug_str     0x0000000000000039      0x7b4 obj/kern/init.o
                                        0x86c (size before relaxing)
 .debug_str     0x00000000000007ed      0x147 obj/kern/console.o
                                        0x2eb (size before relaxing)
 .debug_str     0x0000000000000934      0x181 obj/kern/monitor.o
                                        0x50b (size before relaxing)
 .debug_str     0x0000000000000ab5      0x554 obj/kern/pmap.o
                                        0xb6a (size before relaxing)
 .debug_str     0x0000000000001009      0x1f1 obj/kern/env.o
                                        0x9b7 (size before relaxing)
 .debug_str     0x00000000000011fa       0x23 obj/kern/kclock.o
                                        0x17d (size before relaxing)
 .debug_str     0x000000000000121d       0x1b obj/kern/picirq.o
                                        0x1b9 (size before relaxing)
 .debug_str     0x0000000000001238       0x18 obj/kern/printf.o
                                        0x1e0 (size before relaxing)
 .debug_str     0x0000000000001250       0xee obj/kern/trap.o
                                        0x815 (size before relaxing)
 .debug_str     0x000000000000133e       0x11 obj/kern/trapentry.o
                                         0x2c (size before relaxing)
 .debug_str     0x000000000000134f       0x33 obj/kern/sched.o
                                        0x671 (size before relaxing)
 .debug_str     0x0000000000001382      0x1cf obj/kern/syscall.o
                                        0x949 (size before relaxing)
 .debug_str     0x0000000000001551      0xa06 obj/kern/kdebug.o
                                       0x1151 (size before relaxing)
 .debug_str     0x0000000000001f57       0x97 obj/kern/printfmt.o
                                        0x325 (size before relaxing)
 .debug_str     0x0000000000001fee       0x1e obj/kern/readline.o
                                        0x131 (size before relaxing)
 .debug_str     0x000000000000200c       0x6b obj/kern/string.o
                                        0x20b (size before relaxing)
 .debug_str     0x0000000000002077      0x212 obj/kern/libdwarf_rw.o
                                        0xc5a (size before relaxing)
 .debug_str     0x0000000000002289      0x26f obj/kern/libdwarf_frame.o
                                        0xbf0 (size before relaxing)
 .debug_str     0x00000000000024f8      0x1ae obj/kern/libdwarf_lineno.o
                                        0xc2d (size before relaxing)
 .debug_str     0x00000000000026a6      0x17a obj/kern/elf_rw.o
                                        0x4b3 (size before relaxing)
 .debug_str     0x0000000000002820        0xf obj/kern/mpentry.o
                                         0x2a (size before relaxing)
 .debug_str     0x000000000000282f       0xa4 obj/kern/mpconfig.o
                                        0x611 (size before relaxing)
 .debug_str     0x00000000000028d3       0x40 obj/kern/lapic.o
                                        0x57b (size before relaxing)
 .debug_str     0x0000000000002913       0x37 obj/kern/spinlock.o
                                        0x650 (size before relaxing)

.debug_loc      0x0000000000000000    0x19619
 *(.debug_loc)
 .debug_loc     0x0000000000000000      0x850 obj/kern/init.o
 .debug_loc     0x0000000000000850     0x14aa obj/kern/console.o
 .debug_loc     0x0000000000001cfa      0x978 obj/kern/monitor.o
 .debug_loc     0x0000000000002672     0x5523 obj/kern/pmap.o
 .debug_loc     0x0000000000007b95     0x1857 obj/kern/env.o
 .debug_loc     0x00000000000093ec      0x1dc obj/kern/kclock.o
 .debug_loc     0x00000000000095c8      0x5dd obj/kern/picirq.o
 .debug_loc     0x0000000000009ba5      0x2be obj/kern/printf.o
 .debug_loc     0x0000000000009e63      0xa1f obj/kern/trap.o
 .debug_loc     0x000000000000a882      0x392 obj/kern/sched.o
 .debug_loc     0x000000000000ac14     0x18a1 obj/kern/syscall.o
 .debug_loc     0x000000000000c4b5      0x9a7 obj/kern/kdebug.o
 .debug_loc     0x000000000000ce5c      0xd84 obj/kern/printfmt.o
 .debug_loc     0x000000000000dbe0      0x23b obj/kern/readline.o
 .debug_loc     0x000000000000de1b     0x1996 obj/kern/string.o
 .debug_loc     0x000000000000f7b1     0x341b obj/kern/libdwarf_rw.o
 .debug_loc     0x0000000000012bcc     0x2da1 obj/kern/libdwarf_frame.o
 .debug_loc     0x000000000001596d     0x13e7 obj/kern/libdwarf_lineno.o
 .debug_loc     0x0000000000016d54     0x13ba obj/kern/elf_rw.o
 .debug_loc     0x000000000001810e      0xb55 obj/kern/mpconfig.o
 .debug_loc     0x0000000000018c63      0x556 obj/kern/lapic.o
 .debug_loc     0x00000000000191b9      0x460 obj/kern/spinlock.o

.comment        0x0000000000000000       0x29
 .comment       0x0000000000000000       0x29 obj/kern/init.o
                                         0x2a (size before relaxing)
 .comment       0x0000000000000029       0x2a obj/kern/console.o
 .comment       0x0000000000000029       0x2a obj/kern/monitor.o
 .comment       0x0000000000000029       0x2a obj/kern/pmap.o
 .comment       0x0000000000000029       0x2a obj/kern/env.o
 .comment       0x0000000000000029       0x2a obj/kern/kclock.o
 .comment       0x0000000000000029       0x2a obj/kern/picirq.o
 .comment       0x0000000000000029       0x2a obj/kern/printf.o
 .comment       0x0000000000000029       0x2a obj/kern/trap.o
 .comment       0x0000000000000029       0x2a obj/kern/sched.o
 .comment       0x0000000000000029       0x2a obj/kern/syscall.o
 .comment       0x0000000000000029       0x2a obj/kern/kdebug.o
 .comment       0x0000000000000029       0x2a obj/kern/printfmt.o
 .comment       0x0000000000000029       0x2a obj/kern/readline.o
 .comment       0x0000000000000029       0x2a obj/kern/string.o
 .comment       0x0000000000000029       0x2a obj/kern/libdwarf_rw.o
 .comment       0x0000000000000029       0x2a obj/kern/libdwarf_frame.o
 .comment       0x0000000000000029       0x2a obj/kern/libdwarf_lineno.o
 .comment       0x0000000000000029       0x2a obj/kern/elf_rw.o
 .comment       0x0000000000000029       0x2a obj/kern/mpconfig.o
 .comment       0x0000000000000029       0x2a obj/kern/lapic.o
 .comment       0x0000000000000029       0x2a obj/kern/spinlock.o

.debug_macinfo
 *(.debug_macinfo)

.debug_weaknames
 *(.debug_weaknames)

.debug_funcnames
 *(.debug_funcnames)

.debug_typenames
 *(.debug_typenames)

.debug_varnames
 *(.debug_varnames)

/DISCARD/
 *(.note.GNU-stack)
LOAD obj/kern/entry.o
LOAD obj/kern/bootstrap.o
LOAD obj/kern/init.o
LOAD obj/kern/console.o
LOAD obj/kern/monitor.o
LOAD obj/kern/pmap.o
LOAD obj/kern/env.o
LOAD obj/kern/kclock.o
LOAD obj/kern/picirq.o
LOAD obj/kern/printf.o
LOAD obj/kern/trap.o
LOAD obj/kern/trapentry.o
LOAD obj/kern/sched.o
LOAD obj/kern/syscall.o
LOAD obj/kern/kdebug.o
LOAD obj/kern/printfmt.o
LOAD obj/kern/readline.o
LOAD obj/kern/string.o
LOAD obj/kern/libdwarf_rw.o
LOAD obj/kern/libdwarf_frame.o
LOAD obj/kern/libdwarf_lineno.o
LOAD obj/kern/elf_rw.o
LOAD obj/kern/mpentry.o
LOAD obj/kern/mpconfig.o
LOAD obj/kern/lapic.o
LOAD obj/kern/spinlock.o
LOAD /usr/lib/gcc/x86_64-linux-gnu/7/libgcc.a
TARGET(binary)
LOAD obj/user/hello
LOAD obj/user/buggyhello
LOAD obj/user/buggyhello2
LOAD obj/user/evilhello
LOAD obj/user/testbss
LOAD obj/user/divzero
LOAD obj/user/breakpoint
LOAD obj/user/softint
LOAD obj/user/badsegment
LOAD obj/user/faultread
LOAD obj/user/faultreadkernel
LOAD obj/user/faultwrite
LOAD obj/user/faultwritekernel
LOAD obj/user/idle
LOAD obj/user/yield
LOAD obj/user/dumbfork
LOAD obj/user/stresssched
LOAD obj/user/faultdie
LOAD obj/user/faultregs
LOAD obj/user/faultalloc
LOAD obj/user/faultallocbad
LOAD obj/user/faultnostack
LOAD obj/user/faultbadhandler
LOAD obj/user/faultevilhandler
LOAD obj/user/forktree
LOAD obj/user/sendpage
LOAD obj/user/spin
LOAD obj/user/fairness
LOAD obj/user/pingpong
LOAD obj/user/pingpongs
LOAD obj/user/primes
OUTPUT(obj/kern/kernel elf64-x86-64)

.debug_ranges   0x0000000000000000       0x30
 .debug_ranges  0x0000000000000000       0x30 obj/kern/string.o
